#-----------------------------------------------------------
# Vivado v2025.2 (64-bit)
# SW Build 6299465 on Fri Nov 14 19:35:11 GMT 2025
# IP Build 6300035 on Fri Nov 14 10:48:45 MST 2025
# SharedData Build 6298862 on Thu Nov 13 04:50:51 MST 2025
# Start of session at: Sat Aug  1 00:43:43 2026
# Process ID         : 4832
# Current directory  : C:/SRIP2/projectnew/test8opti
# Command line       : vivado.exe -mode batch -source synth.tcl
# Log file           : C:/SRIP2/projectnew/test8opti/vivado.log
# Journal file       : C:/SRIP2/projectnew/test8opti\vivado.jou
# Running On         : LAPTOP-MHFLAL5K
# Platform           : Windows Server 2016 or Windows 10
# Operating System   : 26200
# Processor Detail   : Intel(R) Core(TM) i7-14650HX
# CPU Frequency      : 2419 MHz
# CPU Physical cores : 16
# CPU Logical cores  : 24
# Host memory        : 33943 MB
# Swap memory        : 7068 MB
# Total Virtual      : 41011 MB
# Available Virtual  : 18821 MB
#-----------------------------------------------------------
source synth.tcl
