#-----------------------------------------------------------
# Vivado v2025.2 (64-bit)
# SW Build 6299465 on Fri Nov 14 19:35:11 GMT 2025
# IP Build 6300035 on Fri Nov 14 10:48:45 MST 2025
# SharedData Build 6298862 on Thu Nov 13 04:50:51 MST 2025
# Start of session at: Sun Jul 26 00:59:38 2026
# Process ID         : 8176
# Current directory  : C:/SRIP2/8_bit_posit_strassen_paper/8_bit_posit_strassen/test1
# Command line       : vivado.exe -mode batch -source synth.tcl
# Log file           : C:/SRIP2/8_bit_posit_strassen_paper/8_bit_posit_strassen/test1/vivado.log
# Journal file       : C:/SRIP2/8_bit_posit_strassen_paper/8_bit_posit_strassen/test1\vivado.jou
# Running On         : LAPTOP-MHFLAL5K
# Platform           : Windows Server 2016 or Windows 10
# Operating System   : 26200
# Processor Detail   : Intel(R) Core(TM) i7-14650HX
# CPU Frequency      : 2419 MHz
# CPU Physical cores : 16
# CPU Logical cores  : 24
# Host memory        : 33943 MB
# Swap memory        : 4057 MB
# Total Virtual      : 38000 MB
# Available Virtual  : 10255 MB
#-----------------------------------------------------------
source synth.tcl
